[backblue.gif]
[fade.gif]
[index.html]
[www.engpellmaquinas.com.br/favicon.ico]
[www.engpellmaquinas.com.br/images/logo-eng-pell.png]
[www.engpellmaquinas.com.br/images/ico_espanha.png]
[www.engpellmaquinas.com.br/images/round_menu.png]
[www.engpellmaquinas.com.br/images/img_video_banner.png]
[www.engpellmaquinas.com.br/images/dummy.png]
[www.engpellmaquinas.com.br/images/bn_b1.jpg]
[www.engpellmaquinas.com.br/images/bn_b2.jpg]
[www.engpellmaquinas.com.br/images/bn_b3.jpg]
[www.engpellmaquinas.com.br/images/bn_b4.jpg]
[www.engpellmaquinas.com.br/images/bn_b5.jpg]
[www.engpellmaquinas.com.br/images/bn_b11.jpg]
[www.engpellmaquinas.com.br/images/bn_b7.jpg]
[www.engpellmaquinas.com.br/images/bn_b8.jpg]
[www.engpellmaquinas.com.br/images/bn_b9.jpg]
[www.engpellmaquinas.com.br/images/bn_b10.jpg]
[www.engpellmaquinas.com.br/images/round_menu_bottom.png]
[engpell.tempsite.ws/administracao/images/empresa/foto_predio1_250206055.jpg]
[www.engpellmaquinas.com.br/images/round-white-up-noicon.png]
[www.engpellmaquinas.com.br/images/round-white-down-noicon.png]
[www.engpellmaquinas.com.br/images/round-white-down-noicon2.png]
[www.engpellmaquinas.com.br/images/round-white-up-noicon2.png]
[www.engpellmaquinas.com.br/administracao/images/empresa/img_manutencao.jpg]
[www.engpellmaquinas.com.br/administracao/images/empresa/img_invista_1009218549.png]
[www.engpellmaquinas.com.br/index.html]
[maxcdn.bootstrapcdn.com/font-awesome/4.3.0/css/font-awesome.min.css]
[www.engpellmaquinas.com.br/css/slider.css]
[www.engpellmaquinas.com.br/css/buttons/buttons.css]
[www.engpellmaquinas.com.br/fonts/glyphicons-halflings-regular.eot]
[www.engpellmaquinas.com.br/fonts/glyphicons-halflings-regulard41dd41d.eot]
[www.engpellmaquinas.com.br/fonts/glyphicons-halflings-regular.woff]
[www.engpellmaquinas.com.br/fonts/glyphicons-halflings-regular.ttf]
[www.engpellmaquinas.com.br/css/bootstrap.min.css]
[www.engpellmaquinas.com.br/img/jslider.png]
[www.engpellmaquinas.com.br/css/jslider.css]
[www.engpellmaquinas.com.br/img/rs-slider/shadow1.png]
[www.engpellmaquinas.com.br/img/rs-slider/shadow2.png]
[www.engpellmaquinas.com.br/img/rs-slider/shadow3.png]
[www.engpellmaquinas.com.br/img/rs-slider/gridtile.png]
[www.engpellmaquinas.com.br/img/rs-slider/gridtile_white.png]
[www.engpellmaquinas.com.br/img/rs-slider/gridtile_3x3.png]
[www.engpellmaquinas.com.br/img/rs-slider/gridtile_3x3_white.png]
[www.engpellmaquinas.com.br/img/rs-slider/boxed_bgtile.png]
[www.engpellmaquinas.com.br/img/rs-slider/navigdots_bgtile.png]
[www.engpellmaquinas.com.br/img/rs-slider/bullet.png]
[www.engpellmaquinas.com.br/img/rs-slider/bullets.png]
[www.engpellmaquinas.com.br/img/rs-slider/bullets2.png]
[www.engpellmaquinas.com.br/img/rs-slider/bullet_boxed.png]
[www.engpellmaquinas.com.br/img/rs-slider/navigdots.png]
[www.engpellmaquinas.com.br/img/rs-slider/large_left.png]
[www.engpellmaquinas.com.br/img/rs-slider/large_right.png]
[www.engpellmaquinas.com.br/img/rs-slider/small_left.png]
[www.engpellmaquinas.com.br/img/rs-slider/small_right.png]
[www.engpellmaquinas.com.br/img/rs-slider/arrow_left.png]
[www.engpellmaquinas.com.br/img/rs-slider/arrow_right.png]
[www.engpellmaquinas.com.br/img/rs-slider/small_left_boxed.png]
[www.engpellmaquinas.com.br/img/rs-slider/small_right_boxed.png]
[www.engpellmaquinas.com.br/img/rs-slider/arrowleft.png]
[www.engpellmaquinas.com.br/img/rs-slider/arrowright.png]
[www.engpellmaquinas.com.br/img/rs-slider/arrow_right2.png]
[www.engpellmaquinas.com.br/img/rs-slider/timer.png]
[www.engpellmaquinas.com.br/img/rs-slider/coloredbg.png]
[www.engpellmaquinas.com.br/img/rs-slider/loader.gif]
[www.engpellmaquinas.com.br/fonts/revicons90c690c6.woff]
[www.engpellmaquinas.com.br/fonts/revicons90c690c6.ttf]
[www.engpellmaquinas.com.br/css/settingsb3dd.css]
[www.engpellmaquinas.com.br/img/prettyPhoto/default/sprite.png]
[www.engpellmaquinas.com.br/img/prettyPhoto/default/sprite_x.png]
[www.engpellmaquinas.com.br/img/prettyPhoto/default/sprite_y.png]
[www.engpellmaquinas.com.br/img/prettyPhoto/default/sprite_next.png]
[www.engpellmaquinas.com.br/img/prettyPhoto/default/sprite_prev.png]
[www.engpellmaquinas.com.br/img/prettyPhoto/default/default_thumb.png]
[www.engpellmaquinas.com.br/img/prettyPhoto/default/loader.gif]
[www.engpellmaquinas.com.br/img/prettyPhoto/light_rounded/sprite.png]
[www.engpellmaquinas.com.br/img/prettyPhoto/light_rounded/btnNext.png]
[www.engpellmaquinas.com.br/img/prettyPhoto/light_rounded/btnPrevious.png]
[www.engpellmaquinas.com.br/img/prettyPhoto/light_rounded/loader.gif]
[www.engpellmaquinas.com.br/img/prettyPhoto/dark_rounded/sprite.png]
[www.engpellmaquinas.com.br/img/prettyPhoto/dark_rounded/contentPattern.png]
[www.engpellmaquinas.com.br/img/prettyPhoto/dark_rounded/btnNext.png]
[www.engpellmaquinas.com.br/img/prettyPhoto/dark_rounded/btnPrevious.png]
[www.engpellmaquinas.com.br/img/prettyPhoto/dark_rounded/loader.gif]
[www.engpellmaquinas.com.br/img/prettyPhoto/dark_square/loader.gif]
[www.engpellmaquinas.com.br/img/prettyPhoto/dark_square/sprite.png]
[www.engpellmaquinas.com.br/img/prettyPhoto/dark_square/btnNext.png]
[www.engpellmaquinas.com.br/img/prettyPhoto/dark_square/btnPrevious.png]
[www.engpellmaquinas.com.br/img/prettyPhoto/light_square/sprite.png]
[www.engpellmaquinas.com.br/img/prettyPhoto/light_square/btnNext.png]
[www.engpellmaquinas.com.br/img/prettyPhoto/light_square/btnPrevious.png]
[www.engpellmaquinas.com.br/css/prettyPhoto.css]
[www.engpellmaquinas.com.br/css/animate.css]
[www.engpellmaquinas.com.br/css/jquery.scrollbar.css]
[www.engpellmaquinas.com.br/images/linha_topico.png]
[www.engpellmaquinas.com.br/images/linha_topico_branca.png]
[www.engpellmaquinas.com.br/img/patterns/pattern.png]
[www.engpellmaquinas.com.br/img/patterns/pattern2.png]
[www.engpellmaquinas.com.br/img/comment-link.png]
[www.engpellmaquinas.com.br/css/style.css]
[www.engpellmaquinas.com.br/css/fonts/icomoond41d.eot]
[www.engpellmaquinas.com.br/css/fonts/icomoon67c9.ttf]
[www.engpellmaquinas.com.br/css/by.css]
[www.engpellmaquinas.com.br/css/responsive.css]
[www.engpellmaquinas.com.br/img/content/bg/parallax-bg-1.jpg]
[www.engpellmaquinas.com.br/img/content/bg/parallax-bg-2.jpg]
[www.engpellmaquinas.com.br/img/content/bg/parallax-bg-3.jpg]
[www.engpellmaquinas.com.br/img/content/bg/parallax-bg-4.jpg]
[www.engpellmaquinas.com.br/img/content/bg/parallax-bg-5.jpg]
[www.engpellmaquinas.com.br/img/content/bg/parallax-bg-6.jpg]
[www.engpellmaquinas.com.br/img/content/bg/parallax-bg-8.jpg]
[www.engpellmaquinas.com.br/img/content/bg/parallax-bg-9.jpg]
[www.engpellmaquinas.com.br/img/content/bg/parallax-bg-10.jpg]
[www.engpellmaquinas.com.br/img/content/bg/parallax-bg-11.jpg]
[www.engpellmaquinas.com.br/img/content/bg/parallax-bg-12.jpg]
[www.engpellmaquinas.com.br/images/img_paralax.jpg]
[www.engpellmaquinas.com.br/img/content/bg/parallax-bg-14.jpg]
[www.engpellmaquinas.com.br/img/content/bg/parallax-bg-15.jpg]
[www.engpellmaquinas.com.br/css/customizer/pages.css]
[www.engpellmaquinas.com.br/css/customizer/dark-section.css]
[www.engpellmaquinas.com.br/css/customizer/home-pages-customizer.css]
[www.engpellmaquinas.com.br/css/ie/ie.css]
[www.engpellmaquinas.com.br/images/security.png]
[www.engpellmaquinas.com.br/images/speed.png]
[www.engpellmaquinas.com.br/images/compatibility.png]
[www.engpellmaquinas.com.br/images/comfort.png]
[www.engpell.com.br/images/logo-eng-pell.png]
[www.engpell.com.br/images/ico_chrome.png]
[www.engpell.com.br/images/ico_ff.png]
[www.engpell.com.br/images/ico_safari.jpg]
[www.engpell.com.br/images/ico_op.png]
[www.engpell.com.br/images/ico_ie.png]
[www.engpellmaquinas.com.br/navegador_antigo.html]
[engpell.com.br/administracao/images/empresa/foto_predio1_250206055.jpg]
[www.engpellmaquinas.com.br/index7a2d.html]
[www.engpellmaquinas.com.br/3.html]
[www.engpellmaquinas.com.br/1.html]
[www.engpellmaquinas.com.br/2.html]
[www.engpellmaquinas.com.br/6.html]
[www.engpellmaquinas.com.br/4.html]
[www.engpellmaquinas.com.br/7.html]
[www.engpellmaquinas.com.br/js/jquery.min.js]
[www.engpellmaquinas.com.br/js/bootstrap.min.js]
[www.engpellmaquinas.com.br/js/jquery.touchSwipe.min.js]
[www.engpellmaquinas.com.br/js/jquery.imagesloaded.min.js]
[www.engpellmaquinas.com.br/js/jquery.appear.js]
[www.engpellmaquinas.com.br/js/jquery.easing.1.3.js]
[www.engpellmaquinas.com.br/js/isotope.pkgd.min.js]
[www.engpellmaquinas.com.br/js/SmoothScroll.js]
[www.engpellmaquinas.com.br/js/masonry.pkgd.min.js]
[www.engpellmaquinas.com.br/js/jquery.stellar.min.js]
[www.engpellmaquinas.com.br/js/revolution/jquery.plugins.min.js]
[www.engpellmaquinas.com.br/js/revolution/jquery.revolution.min.js]
[www.engpellmaquinas.com.br/js/jquery.scrollbar.min.js]
[www.engpellmaquinas.com.br/js/jquery.countTo.js]
[www.engpellmaquinas.com.br/images/marker.png]
[www.engpellmaquinas.com.br/js/main035f.js]
[www.engpellmaquinas.com.br/js/eng-pell96a3.js]
[www.engpellmaquinas.com.br/js/jquery.prettyPhoto.js]
[www.engpellmaquinas.com.br/images/dot.gif]
[www.engpellmaquinas.com.br/images/biggerdot.png]
[www.engpellmaquinas.com.br/css/timelinr.css]
[www.engpellmaquinas.com.br/js/jquery.timelinr-0.9.54.js]
[www.engpellmaquinas.com.br/fonts/glyphicons-halflings-regular.html]
[www.engpellmaquinas.com.br/fonts/glyphicons-halflings-regular.svg]
[www.engpellmaquinas.com.br/images/gradient/g30.html]
[www.engpellmaquinas.com.br/images/gradient/g40.html]
[www.engpellmaquinas.com.br/fonts/revicons90c690c6.svg]
[www.engpellmaquinas.com.br/img/prettyPhoto/facebook/sprite.html]
[www.engpellmaquinas.com.br/img/prettyPhoto/facebook/contentPatternTop.html]
[www.engpellmaquinas.com.br/img/prettyPhoto/facebook/contentPatternLeft.html]
[www.engpellmaquinas.com.br/img/prettyPhoto/facebook/contentPatternRight.html]
[www.engpellmaquinas.com.br/img/prettyPhoto/facebook/loader.html]
[www.engpellmaquinas.com.br/img/prettyPhoto/facebook/btnNext.html]
[www.engpellmaquinas.com.br/img/prettyPhoto/facebook/btnPrevious.html]
[www.engpellmaquinas.com.br/img/prettyPhoto/facebook/contentPatternBottom.html]
[www.engpellmaquinas.com.br/img/prettyPhoto/facebook/default_thumbnail.html]
[www.engpellmaquinas.com.br/img/svg/loader.svg]
[www.engpellmaquinas.com.br/img/content/coming-soon.html]
[www.engpellmaquinas.com.br/img/content/under-construction.html]
[www.engpellmaquinas.com.br/css/fonts/icomoon67c9.svg]
[www.engpellmaquinas.com.br/img/content/bg/parallax-bg-7.html]
[www.engpellmaquinas.com.br/img/content/bg/parallax-bg-16.html]
[www.engpellmaquinas.com.br/img/content/bg/parallax-bg-17.html]
[www.engpellmaquinas.com.br/img/content/bg/parallax-bg-18.html]
[www.engpellmaquinas.com.br/img/content/portfolio-2.html]
[www.engpellmaquinas.com.br/img/content/portfolio-3.html]
[www.engpellmaquinas.com.br/img/content/portfolio-4.html]
[www.engpellmaquinas.com.br/img/content/modal.html]
[www.engpellmaquinas.com.br/img/content/bg-slider.html]
[www.engpellmaquinas.com.br/img/content/bg-shop-7.html]
[www.engpellmaquinas.com.br/img/content/bg-shop-8.html]
[www.engpellmaquinas.com.br/images/ico_brasil.png]
[engpell.tempsite.ws/administracao/images/empresa/foto_predio1_250206055.jpg]
[www.engpellmaquinas.com.br/administracao/images/empresa/img_invista_1009218549.png]
[www.engpellmaquinas.com.br/Popover requires tooltip.html]
[www.engpellmaquinas.com.br/js/bootstrapValidator.min.js]
[www.engpellmaquinas.com.br/php/form.html]
[www.engpellmaquinas.com.br/php/sent-email.html]
[www.engpellmaquinas.com.br/_ + img_src + _.html]
[www.engpellmaquinas.com.br/img/rs-slider/arrow_left2.png]
[www.engpellmaquinas.com.br/fonts/revicons90c690c6.eot]
[www.engpellmaquinas.com.br/css/fonts/icomoon67c9.eot]
[www.engpellmaquinas.com.br/css/fonts/icomoon67c9.woff]
[www.engpellmaquinas.com.br/img/content/bg/parallax-bg-3.jpg]
[www.engpellmaquinas.com.br/img/content/bg/parallax-bg-4.jpg]
[www.engpellmaquinas.com.br/img/content/bg/parallax-bg-8.jpg]
[www.engpellmaquinas.com.br/img/content/bg/parallax-bg-9.jpg]
[www.engpellmaquinas.com.br/img/content/bg/parallax-bg-10.jpg]
[www.engpellmaquinas.com.br/img/content/bg/parallax-bg-11.jpg]
[www.engpellmaquinas.com.br/images/img_paralax.jpg]
[www.engpellmaquinas.com.br/img/content/bg/parallax-bg-15.jpg]
[www.engpellmaquinas.com.br/Version/index.html]
[www.engpellmaquinas.com.br/img/content/bg/parallax-bg-6.jpg]
[www.engpellmaquinas.com.br/img/content/bg/parallax-bg-12.jpg]
